Archive member included to satisfy reference by file (symbol)

d:/stm32/ide/plugins/fr.ac6.mcu.externaltools.arm-none.win32_1.15.0.201708311556/tools/compiler/bin/../lib/gcc/arm-none-eabi/6.3.1/thumb/v7e-m/fpv4-sp/hard\libgcc.a(_arm_addsubdf3.o)
                              src/tm_stm32f4_timer_properties.o (__aeabi_ui2d)
d:/stm32/ide/plugins/fr.ac6.mcu.externaltools.arm-none.win32_1.15.0.201708311556/tools/compiler/bin/../lib/gcc/arm-none-eabi/6.3.1/thumb/v7e-m/fpv4-sp/hard\libgcc.a(_arm_muldivdf3.o)
                              src/tm_stm32f4_timer_properties.o (__aeabi_ddiv)
d:/stm32/ide/plugins/fr.ac6.mcu.externaltools.arm-none.win32_1.15.0.201708311556/tools/compiler/bin/../lib/gcc/arm-none-eabi/6.3.1/thumb/v7e-m/fpv4-sp/hard\libgcc.a(_arm_cmpdf2.o)
                              src/tm_stm32f4_timer_properties.o (__aeabi_dcmpeq)
d:/stm32/ide/plugins/fr.ac6.mcu.externaltools.arm-none.win32_1.15.0.201708311556/tools/compiler/bin/../lib/gcc/arm-none-eabi/6.3.1/thumb/v7e-m/fpv4-sp/hard\libgcc.a(_arm_fixunsdfsi.o)
                              src/tm_stm32f4_timer_properties.o (__aeabi_d2uiz)
d:/stm32/ide/plugins/fr.ac6.mcu.externaltools.arm-none.win32_1.15.0.201708311556/tools/compiler/bin/../lib/gcc/arm-none-eabi/6.3.1/../../../../arm-none-eabi/lib/thumb/v7e-m/fpv4-sp/hard\libc.a(lib_a-errno.o)
                              src/syscalls.o (__errno)
d:/stm32/ide/plugins/fr.ac6.mcu.externaltools.arm-none.win32_1.15.0.201708311556/tools/compiler/bin/../lib/gcc/arm-none-eabi/6.3.1/../../../../arm-none-eabi/lib/thumb/v7e-m/fpv4-sp/hard\libc.a(lib_a-exit.o)
                              d:/stm32/ide/plugins/fr.ac6.mcu.externaltools.arm-none.win32_1.15.0.201708311556/tools/compiler/bin/../lib/gcc/arm-none-eabi/6.3.1/../../../../arm-none-eabi/lib/thumb/v7e-m/fpv4-sp/hard/crt0.o (exit)
d:/stm32/ide/plugins/fr.ac6.mcu.externaltools.arm-none.win32_1.15.0.201708311556/tools/compiler/bin/../lib/gcc/arm-none-eabi/6.3.1/../../../../arm-none-eabi/lib/thumb/v7e-m/fpv4-sp/hard\libc.a(lib_a-impure.o)
                              d:/stm32/ide/plugins/fr.ac6.mcu.externaltools.arm-none.win32_1.15.0.201708311556/tools/compiler/bin/../lib/gcc/arm-none-eabi/6.3.1/../../../../arm-none-eabi/lib/thumb/v7e-m/fpv4-sp/hard\libc.a(lib_a-exit.o) (_global_impure_ptr)
d:/stm32/ide/plugins/fr.ac6.mcu.externaltools.arm-none.win32_1.15.0.201708311556/tools/compiler/bin/../lib/gcc/arm-none-eabi/6.3.1/../../../../arm-none-eabi/lib/thumb/v7e-m/fpv4-sp/hard\libc.a(lib_a-init.o)
                              d:/stm32/ide/plugins/fr.ac6.mcu.externaltools.arm-none.win32_1.15.0.201708311556/tools/compiler/bin/../lib/gcc/arm-none-eabi/6.3.1/../../../../arm-none-eabi/lib/thumb/v7e-m/fpv4-sp/hard/crt0.o (__libc_init_array)
d:/stm32/ide/plugins/fr.ac6.mcu.externaltools.arm-none.win32_1.15.0.201708311556/tools/compiler/bin/../lib/gcc/arm-none-eabi/6.3.1/../../../../arm-none-eabi/lib/thumb/v7e-m/fpv4-sp/hard\libc.a(lib_a-malloc.o)
                              src/tm_stm32f4_delay.o (malloc)
d:/stm32/ide/plugins/fr.ac6.mcu.externaltools.arm-none.win32_1.15.0.201708311556/tools/compiler/bin/../lib/gcc/arm-none-eabi/6.3.1/../../../../arm-none-eabi/lib/thumb/v7e-m/fpv4-sp/hard\libc.a(lib_a-mallocr.o)
                              d:/stm32/ide/plugins/fr.ac6.mcu.externaltools.arm-none.win32_1.15.0.201708311556/tools/compiler/bin/../lib/gcc/arm-none-eabi/6.3.1/../../../../arm-none-eabi/lib/thumb/v7e-m/fpv4-sp/hard\libc.a(lib_a-malloc.o) (_malloc_r)
d:/stm32/ide/plugins/fr.ac6.mcu.externaltools.arm-none.win32_1.15.0.201708311556/tools/compiler/bin/../lib/gcc/arm-none-eabi/6.3.1/../../../../arm-none-eabi/lib/thumb/v7e-m/fpv4-sp/hard\libc.a(lib_a-memset.o)
                              d:/stm32/ide/plugins/fr.ac6.mcu.externaltools.arm-none.win32_1.15.0.201708311556/tools/compiler/bin/../lib/gcc/arm-none-eabi/6.3.1/../../../../arm-none-eabi/lib/thumb/v7e-m/fpv4-sp/hard/crt0.o (memset)
d:/stm32/ide/plugins/fr.ac6.mcu.externaltools.arm-none.win32_1.15.0.201708311556/tools/compiler/bin/../lib/gcc/arm-none-eabi/6.3.1/../../../../arm-none-eabi/lib/thumb/v7e-m/fpv4-sp/hard\libc.a(lib_a-mlock.o)
                              d:/stm32/ide/plugins/fr.ac6.mcu.externaltools.arm-none.win32_1.15.0.201708311556/tools/compiler/bin/../lib/gcc/arm-none-eabi/6.3.1/../../../../arm-none-eabi/lib/thumb/v7e-m/fpv4-sp/hard\libc.a(lib_a-mallocr.o) (__malloc_lock)
d:/stm32/ide/plugins/fr.ac6.mcu.externaltools.arm-none.win32_1.15.0.201708311556/tools/compiler/bin/../lib/gcc/arm-none-eabi/6.3.1/../../../../arm-none-eabi/lib/thumb/v7e-m/fpv4-sp/hard\libc.a(lib_a-sbrkr.o)
                              d:/stm32/ide/plugins/fr.ac6.mcu.externaltools.arm-none.win32_1.15.0.201708311556/tools/compiler/bin/../lib/gcc/arm-none-eabi/6.3.1/../../../../arm-none-eabi/lib/thumb/v7e-m/fpv4-sp/hard\libc.a(lib_a-mallocr.o) (_sbrk_r)
[...]
Memory Configuration

Name             Origin             Length             Attributes
FLASH            0x08000000         0x00100000         xr
RAM              0x20000000         0x00030000         xrw
MEMORY_B1        0x60000000         0x00000000         xr
*default*        0x00000000         0xffffffff

Linker script and memory map

LOAD d:/stm32/ide/plugins/fr.ac6.mcu.externaltools.arm-none.win32_1.15.0.201708311556/tools/compiler/bin/../lib/gcc/arm-none-eabi/6.3.1/thumb/v7e-m/fpv4-sp/hard/crti.o
LOAD d:/stm32/ide/plugins/fr.ac6.mcu.externaltools.arm-none.win32_1.15.0.201708311556/tools/compiler/bin/../lib/gcc/arm-none-eabi/6.3.1/thumb/v7e-m/fpv4-sp/hard/crtbegin.o
LOAD d:/stm32/ide/plugins/fr.ac6.mcu.externaltools.arm-none.win32_1.15.0.201708311556/tools/compiler/bin/../lib/gcc/arm-none-eabi/6.3.1/../../../../arm-none-eabi/lib/thumb/v7e-m/fpv4-sp/hard/crt0.o
LOAD StdPeriph_Driver/src/misc.o
LOAD StdPeriph_Driver/src/stm32f4xx_adc.o
LOAD StdPeriph_Driver/src/stm32f4xx_can.o
LOAD StdPeriph_Driver/src/stm32f4xx_crc.o
LOAD StdPeriph_Driver/src/stm32f4xx_cryp.o
LOAD StdPeriph_Driver/src/stm32f4xx_cryp_aes.o
LOAD StdPeriph_Driver/src/stm32f4xx_cryp_des.o
LOAD StdPeriph_Driver/src/stm32f4xx_cryp_tdes.o
LOAD StdPeriph_Driver/src/stm32f4xx_dac.o
LOAD StdPeriph_Driver/src/stm32f4xx_dbgmcu.o
LOAD StdPeriph_Driver/src/stm32f4xx_dcmi.o
LOAD StdPeriph_Driver/src/stm32f4xx_dma.o
LOAD StdPeriph_Driver/src/stm32f4xx_exti.o
LOAD StdPeriph_Driver/src/stm32f4xx_flash.o
LOAD StdPeriph_Driver/src/stm32f4xx_fsmc.o
LOAD StdPeriph_Driver/src/stm32f4xx_gpio.o
LOAD StdPeriph_Driver/src/stm32f4xx_hash.o
LOAD StdPeriph_Driver/src/stm32f4xx_hash_md5.o
LOAD StdPeriph_Driver/src/stm32f4xx_hash_sha1.o
LOAD StdPeriph_Driver/src/stm32f4xx_i2c.o
LOAD StdPeriph_Driver/src/stm32f4xx_iwdg.o
LOAD StdPeriph_Driver/src/stm32f4xx_pwr.o
LOAD StdPeriph_Driver/src/stm32f4xx_rcc.o
LOAD StdPeriph_Driver/src/stm32f4xx_rng.o
LOAD StdPeriph_Driver/src/stm32f4xx_rtc.o
LOAD StdPeriph_Driver/src/stm32f4xx_sdio.o
LOAD StdPeriph_Driver/src/stm32f4xx_spi.o
LOAD StdPeriph_Driver/src/stm32f4xx_syscfg.o
LOAD StdPeriph_Driver/src/stm32f4xx_tim.o
LOAD StdPeriph_Driver/src/stm32f4xx_usart.o
LOAD StdPeriph_Driver/src/stm32f4xx_wwdg.o
LOAD Utilities/stm32f4_discovery.o
LOAD Utilities/stm32f4_discovery_lis302dl.o
LOAD src/main.o
LOAD src/menu.o
LOAD src/pump_driver.o
LOAD src/syscalls.o
LOAD src/system_stm32f4xx.o
LOAD src/tm_stm32f4_delay.o
LOAD src/tm_stm32f4_gpio.o
LOAD src/tm_stm32f4_hd44780.o
LOAD src/tm_stm32f4_timer_properties.o
LOAD startup/startup_stm32f4xx.o
LOAD d:/stm32/ide/plugins/fr.ac6.mcu.externaltools.arm-none.win32_1.15.0.201708311556/tools/compiler/bin/../lib/gcc/arm-none-eabi/6.3.1/../../../../arm-none-eabi/lib/thumb/v7e-m/fpv4-sp/hard\libm.a
START GROUP
LOAD d:/stm32/ide/plugins/fr.ac6.mcu.externaltools.arm-none.win32_1.15.0.201708311556/tools/compiler/bin/../lib/gcc/arm-none-eabi/6.3.1/thumb/v7e-m/fpv4-sp/hard\libgcc.a
LOAD d:/stm32/ide/plugins/fr.ac6.mcu.externaltools.arm-none.win32_1.15.0.201708311556/tools/compiler/bin/../lib/gcc/arm-none-eabi/6.3.1/../../../../arm-none-eabi/lib/thumb/v7e-m/fpv4-sp/hard\libc.a
END GROUP
LOAD d:/stm32/ide/plugins/fr.ac6.mcu.externaltools.arm-none.win32_1.15.0.201708311556/tools/compiler/bin/../lib/gcc/arm-none-eabi/6.3.1/thumb/v7e-m/fpv4-sp/hard/crtend.o
LOAD d:/stm32/ide/plugins/fr.ac6.mcu.externaltools.arm-none.win32_1.15.0.201708311556/tools/compiler/bin/../lib/gcc/arm-none-eabi/6.3.1/thumb/v7e-m/fpv4-sp/hard/crtn.o
                0x20020000                _estack = 0x20020000
                0x00000000                _Min_Heap_Size = 0x0
                0x00000400                _Min_Stack_Size = 0x400

.isr_vector     0x08000000      0x188
                0x08000000                . = ALIGN (0x4)
 *(.isr_vector)
 .isr_vector    0x08000000      0x188 startup/startup_stm32f4xx.o
                0x08000000                g_pfnVectors
                0x08000188                . = ALIGN (0x4)

.text           0x08000188     0x2c70
                0x08000188                . = ALIGN (0x4)
 *(.text)
 .text          0x08000188       0x6c d:/stm32/ide/plugins/fr.ac6.mcu.externaltools.arm-none.win32_1.15.0.201708311556/tools/compiler/bin/../lib/gcc/arm-none-eabi/6.3.1/thumb/v7e-m/fpv4-sp/hard/crtbegin.o
 *(.text*)
 .text.NVIC_PriorityGroupConfig
                0x080001f4       0x28 StdPeriph_Driver/src/misc.o
                0x080001f4                NVIC_PriorityGroupConfig
 .text.NVIC_Init
                0x0800021c       0xc4 StdPeriph_Driver/src/misc.o
                0x0800021c                NVIC_Init
 .text.GPIO_Init
                0x080002e0      0x11c StdPeriph_Driver/src/stm32f4xx_gpio.o
                0x080002e0                GPIO_Init
 .text.GPIO_ReadInputDataBit
                0x080003fc       0x34 StdPeriph_Driver/src/stm32f4xx_gpio.o
                0x080003fc                GPIO_ReadInputDataBit
 .text.GPIO_SetBits
                0x08000430       0x1e StdPeriph_Driver/src/stm32f4xx_gpio.o
                0x08000430                GPIO_SetBits
 .text.GPIO_ResetBits
                0x0800044e       0x1e StdPeriph_Driver/src/stm32f4xx_gpio.o
                0x0800044e                GPIO_ResetBits
 .text.GPIO_PinAFConfig
                0x0800046c       0x92 StdPeriph_Driver/src/stm32f4xx_gpio.o
                0x0800046c                GPIO_PinAFConfig
 *fill*         0x080004fe        0x2 
 .text.RCC_GetClocksFreq
                0x08000500      0x150 StdPeriph_Driver/src/stm32f4xx_rcc.o
                0x08000500                RCC_GetClocksFreq
 .text.RCC_AHB1PeriphClockCmd
                0x08000650       0x40 StdPeriph_Driver/src/stm32f4xx_rcc.o
                0x08000650                RCC_AHB1PeriphClockCmd
 .text.RCC_APB1PeriphClockCmd
                0x08000690       0x40 StdPeriph_Driver/src/stm32f4xx_rcc.o
                0x08000690                RCC_APB1PeriphClockCmd
 .text.TIM_TimeBaseInit
                0x080006d0       0xd8 StdPeriph_Driver/src/stm32f4xx_tim.o
                0x080006d0                TIM_TimeBaseInit
 .text.TIM_Cmd  0x080007a8       0x40 StdPeriph_Driver/src/stm32f4xx_tim.o
                0x080007a8                TIM_Cmd
 .text.TIM_ITConfig
                0x080007e8       0x48 StdPeriph_Driver/src/stm32f4xx_tim.o
                0x080007e8                TIM_ITConfig
 .text.TIM_GetITStatus
                0x08000830       0x54 StdPeriph_Driver/src/stm32f4xx_tim.o
                0x08000830                TIM_GetITStatus
 .text.TIM_ClearITPendingBit
                0x08000884       0x22 StdPeriph_Driver/src/stm32f4xx_tim.o
                0x08000884                TIM_ClearITPendingBit
 *fill*         0x080008a6        0x2 
 .text.USART_Init
                0x080008a8      0x174 StdPeriph_Driver/src/stm32f4xx_usart.o
                0x080008a8                USART_Init
 .text.USART_Cmd
                0x08000a1c       0x40 StdPeriph_Driver/src/stm32f4xx_usart.o
                0x08000a1c                USART_Cmd
 .text.USART_ITConfig
                0x08000a5c       0x90 StdPeriph_Driver/src/stm32f4xx_usart.o
                0x08000a5c                USART_ITConfig
 .text.USART_GetITStatus
                0x08000aec       0xb6 StdPeriph_Driver/src/stm32f4xx_usart.o
                0x08000aec                USART_GetITStatus
 *fill*         0x08000ba2        0x2 
 .text.NVIC_EnableIRQ
                0x08000ba4       0x34 src/main.o
 .text.Delayms  0x08000bd8       0x58 src/main.o
 .text.show_menu
                0x08000c30      0x218 src/main.o
                0x08000c30                show_menu
 .text.browse_menu
                0x08000e48       0xc8 src/main.o
                0x08000e48                browse_menu
 .text.start    0x08000f10       0x30 src/main.o
                0x08000f10                start
 .text.bacardi  0x08000f40       0x20 src/main.o
                0x08000f40                bacardi
 .text.cuba_libre
                0x08000f60       0x20 src/main.o
                0x08000f60                cuba_libre
 .text.vodka_shot
                0x08000f80       0x10 src/main.o
                0x08000f80                vodka_shot
 .text.vodka_juice
                0x08000f90       0x18 src/main.o
                0x08000f90                vodka_juice
 .text.vodka_shot_juice
                0x08000fa8       0x18 src/main.o
                0x08000fa8                vodka_shot_juice
 .text.vodka_cola
                0x08000fc0       0x18 src/main.o
                0x08000fc0                vodka_cola
 .text.kociolek
                0x08000fd8       0x28 src/main.o
                0x08000fd8                kociolek
 .text.clean    0x08001000       0x98 src/main.o
                0x08001000                clean
 .text.info     0x08001098       0x58 src/main.o
                0x08001098                info
 .text.init     0x080010f0       0x3c src/main.o
                0x080010f0                init
 .text.USART3_IRQHandler
                0x0800112c       0x70 src/main.o
                0x0800112c                USART3_IRQHandler
 .text.UART     0x0800119c       0x8c src/main.o
                0x0800119c                UART
 .text.UART_IRQ
                0x08001228       0x3c src/main.o
                0x08001228                UART_IRQ
 .text.main     0x08001264       0x26 src/main.o
                0x08001264                main
 .text.TIM7_IRQHandler
                0x0800128a        0xc src/pump_driver.o
                0x0800128a                TIM7_IRQHandler
 .text.TIM3_IRQHandler
                0x08001296        0xc src/pump_driver.o
                0x08001296                TIM3_IRQHandler
 .text.TIM4_IRQHandler
                0x080012a2        0xc src/pump_driver.o
                0x080012a2                TIM4_IRQHandler
 .text.TIM5_IRQHandler
                0x080012ae        0xc src/pump_driver.o
                0x080012ae                TIM5_IRQHandler
 *fill*         0x080012ba        0x2 
 .text.init_pump_driver
                0x080012bc      0x1b4 src/pump_driver.o
                0x080012bc                init_pump_driver
 .text.pump     0x08001470       0xdc src/pump_driver.o
                0x08001470                pump
 .text.start_lemon_pump
                0x0800154c       0x30 src/pump_driver.o
                0x0800154c                start_lemon_pump
 .text.start_orange_pump
                0x0800157c       0x30 src/pump_driver.o
                0x0800157c                start_orange_pump
 .text.start_rum_pump
                0x080015ac       0x30 src/pump_driver.o
                0x080015ac                start_rum_pump
 .text.start_vodka_pump
                0x080015dc       0x30 src/pump_driver.o
                0x080015dc                start_vodka_pump
 .text.lemon_IRQHandler
                0x0800160c       0x80 src/pump_driver.o
                0x0800160c                lemon_IRQHandler
 .text.orange_IRQHandler
                0x0800168c       0x80 src/pump_driver.o
                0x0800168c                orange_IRQHandler
 .text.rum_IRQHandler
                0x0800170c       0x80 src/pump_driver.o
                0x0800170c                rum_IRQHandler
 .text.vodka_IRQHandler
                0x0800178c       0x80 src/pump_driver.o
                0x0800178c                vodka_IRQHandler
 .text._sbrk    0x0800180c       0x58 src/syscalls.o
                0x0800180c                _sbrk
 .text.SystemInit
                0x08001864       0x5c src/system_stm32f4xx.o
                0x08001864                SystemInit
 .text.SetSysClock
                0x080018c0      0x128 src/system_stm32f4xx.o
 .text.NVIC_SetPriority
                0x080019e8       0x54 src/tm_stm32f4_delay.o
 .text.SysTick_Config
                0x08001a3c       0x44 src/tm_stm32f4_delay.o
 .text.SysTick_Handler
                0x08001a80       0xf0 src/tm_stm32f4_delay.o
                0x08001a80                SysTick_Handler
 .text.TM_DELAY_Init
                0x08001b70       0x50 src/tm_stm32f4_delay.o
                0x08001b70                TM_DELAY_Init
 .text.TM_GPIO_Init
                0x08001bc0       0x46 src/tm_stm32f4_gpio.o
                0x08001bc0                TM_GPIO_Init
 .text.TM_GPIO_GetPortSource
                0x08001c06       0x22 src/tm_stm32f4_gpio.o
                0x08001c06                TM_GPIO_GetPortSource
 .text.TM_GPIO_INT_EnableClock
                0x08001c28       0x30 src/tm_stm32f4_gpio.o
                0x08001c28                TM_GPIO_INT_EnableClock
 .text.TM_GPIO_INT_Init
                0x08001c58      0x10c src/tm_stm32f4_gpio.o
                0x08001c58                TM_GPIO_INT_Init
 .text.Delay    0x08001d64       0x5c src/tm_stm32f4_hd44780.o
 .text.TM_HD44780_Init
                0x08001dc0       0xd0 src/tm_stm32f4_hd44780.o
                0x08001dc0                TM_HD44780_Init
 .text.TM_HD44780_Clear
                0x08001e90       0x16 src/tm_stm32f4_hd44780.o
                0x08001e90                TM_HD44780_Clear
 *fill*         0x08001ea6        0x2 
 .text.TM_HD44780_Puts
                0x08001ea8       0xb8 src/tm_stm32f4_hd44780.o
                0x08001ea8                TM_HD44780_Puts
 .text.TM_HD44780_DisplayOn
                0x08001f60       0x2c src/tm_stm32f4_hd44780.o
                0x08001f60                TM_HD44780_DisplayOn
 .text.TM_HD44780_Cmd
                0x08001f8c       0x38 src/tm_stm32f4_hd44780.o
 .text.TM_HD44780_Data
                0x08001fc4       0x38 src/tm_stm32f4_hd44780.o
 .text.TM_HD44780_Cmd4bit
                0x08001ffc       0xa4 src/tm_stm32f4_hd44780.o
 .text.TM_HD44780_CursorSet
                0x080020a0       0x64 src/tm_stm32f4_hd44780.o
 .text.TM_HD44780_InitPins
                0x08002104       0xc0 src/tm_stm32f4_hd44780.o
 .text.Reset_Handler
                0x080021c4       0x48 startup/startup_stm32f4xx.o
                0x080021c4                Reset_Handler
 .text.Default_Handler
                0x0800220c        0x2 startup/startup_stm32f4xx.o
                0x0800220c                RTC_Alarm_IRQHandler
                0x0800220c                HASH_RNG_IRQHandler
                0x0800220c                EXTI2_IRQHandler
                0x0800220c                TIM8_CC_IRQHandler
                0x0800220c                DebugMon_Handler
                0x0800220c                TIM1_CC_IRQHandler
                0x0800220c                DMA2_Stream5_IRQHandler
                0x0800220c                HardFault_Handler
                0x0800220c                DMA1_Stream5_IRQHandler
                0x0800220c                PVD_IRQHandler
                0x0800220c                SDIO_IRQHandler
                0x0800220c                TAMP_STAMP_IRQHandler
                0x0800220c                PendSV_Handler
                0x0800220c                NMI_Handler
                0x0800220c                CAN2_RX1_IRQHandler
                0x0800220c                EXTI3_IRQHandler
                0x0800220c                TIM8_TRG_COM_TIM14_IRQHandler
                0x0800220c                TIM1_UP_TIM10_IRQHandler
                0x0800220c                TIM8_UP_TIM13_IRQHandler
                0x0800220c                I2C3_ER_IRQHandler
                0x0800220c                EXTI0_IRQHandler
                0x0800220c                I2C2_EV_IRQHandler
                0x0800220c                DMA1_Stream2_IRQHandler
                0x0800220c                CAN1_RX0_IRQHandler
                0x0800220c                FPU_IRQHandler
                0x0800220c                OTG_HS_WKUP_IRQHandler
                0x0800220c                UsageFault_Handler
                0x0800220c                CAN2_SCE_IRQHandler
                0x0800220c                DMA2_Stream2_IRQHandler
                0x0800220c                SPI1_IRQHandler
                0x0800220c                TIM6_DAC_IRQHandler
                0x0800220c                TIM1_BRK_TIM9_IRQHandler
                0x0800220c                DCMI_IRQHandler
                0x0800220c                CAN2_RX0_IRQHandler
                0x0800220c                DMA2_Stream3_IRQHandler
                0x0800220c                USART6_IRQHandler
                0x0800220c                CRYP_IRQHandler
                0x0800220c                CAN1_RX1_IRQHandler
                0x0800220c                UART5_IRQHandler
                0x0800220c                DMA2_Stream0_IRQHandler
                0x0800220c                I2C1_EV_IRQHandler
                0x0800220c                DMA1_Stream6_IRQHandler
                0x0800220c                DMA1_Stream1_IRQHandler
                0x0800220c                UART4_IRQHandler
                0x0800220c                RCC_IRQHandler
                0x0800220c                TIM8_BRK_TIM12_IRQHandler
                0x0800220c                Default_Handler
                0x0800220c                EXTI15_10_IRQHandler
                0x0800220c                ADC_IRQHandler
                0x0800220c                DMA1_Stream7_IRQHandler
                0x0800220c                CAN2_TX_IRQHandler
                0x0800220c                DMA2_Stream7_IRQHandler
                0x0800220c                I2C3_EV_IRQHandler
                0x0800220c                EXTI9_5_IRQHandler
                0x0800220c                RTC_WKUP_IRQHandler
                0x0800220c                ETH_WKUP_IRQHandler
                0x0800220c                SPI2_IRQHandler
                0x0800220c                OTG_HS_EP1_IN_IRQHandler
                0x0800220c                MemManage_Handler
                0x0800220c                DMA1_Stream0_IRQHandler
                0x0800220c                CAN1_TX_IRQHandler
                0x0800220c                SVC_Handler
                0x0800220c                EXTI4_IRQHandler
                0x0800220c                FSMC_IRQHandler
                0x0800220c                ETH_IRQHandler
                0x0800220c                OTG_HS_EP1_OUT_IRQHandler
                0x0800220c                WWDG_IRQHandler
                0x0800220c                TIM2_IRQHandler
                0x0800220c                OTG_FS_WKUP_IRQHandler
                0x0800220c                TIM1_TRG_COM_TIM11_IRQHandler
                0x0800220c                OTG_HS_IRQHandler
                0x0800220c                EXTI1_IRQHandler
                0x0800220c                USART2_IRQHandler
                0x0800220c                I2C2_ER_IRQHandler
                0x0800220c                DMA2_Stream1_IRQHandler
                0x0800220c                CAN1_SCE_IRQHandler
                0x0800220c                FLASH_IRQHandler
                0x0800220c                DMA2_Stream4_IRQHandler
                0x0800220c                BusFault_Handler
                0x0800220c                USART1_IRQHandler
                0x0800220c                OTG_FS_IRQHandler
                0x0800220c                SPI3_IRQHandler
                0x0800220c                DMA1_Stream4_IRQHandler
                0x0800220c                I2C1_ER_IRQHandler
                0x0800220c                DMA2_Stream6_IRQHandler
                0x0800220c                DMA1_Stream3_IRQHandler
 *fill*         0x0800220e        0x2 
 .text.__errno  0x08002210        0xc d:/stm32/ide/plugins/fr.ac6.mcu.externaltools.arm-none.win32_1.15.0.201708311556/tools/compiler/bin/../lib/gcc/arm-none-eabi/6.3.1/../../../../arm-none-eabi/lib/thumb/v7e-m/fpv4-sp/hard\libc.a(lib_a-errno.o)
                0x08002210                __errno
 .text.__libc_init_array
                0x0800221c       0x50 d:/stm32/ide/plugins/fr.ac6.mcu.externaltools.arm-none.win32_1.15.0.201708311556/tools/compiler/bin/../lib/gcc/arm-none-eabi/6.3.1/../../../../arm-none-eabi/lib/thumb/v7e-m/fpv4-sp/hard\libc.a(lib_a-init.o)
                0x0800221c                __libc_init_array
 .text.malloc   0x0800226c       0x10 d:/stm32/ide/plugins/fr.ac6.mcu.externaltools.arm-none.win32_1.15.0.201708311556/tools/compiler/bin/../lib/gcc/arm-none-eabi/6.3.1/../../../../arm-none-eabi/lib/thumb/v7e-m/fpv4-sp/hard\libc.a(lib_a-malloc.o)
                0x0800226c                malloc
 .text._malloc_r
                0x0800227c      0x560 d:/stm32/ide/plugins/fr.ac6.mcu.externaltools.arm-none.win32_1.15.0.201708311556/tools/compiler/bin/../lib/gcc/arm-none-eabi/6.3.1/../../../../arm-none-eabi/lib/thumb/v7e-m/fpv4-sp/hard\libc.a(lib_a-mallocr.o)
                0x0800227c                _malloc_r
 .text.__malloc_lock
                0x080027dc        0xc d:/stm32/ide/plugins/fr.ac6.mcu.externaltools.arm-none.win32_1.15.0.201708311556/tools/compiler/bin/../lib/gcc/arm-none-eabi/6.3.1/../../../../arm-none-eabi/lib/thumb/v7e-m/fpv4-sp/hard\libc.a(lib_a-mlock.o)
                0x080027dc                __malloc_lock
 .text.__malloc_unlock
                0x080027e8        0xc d:/stm32/ide/plugins/fr.ac6.mcu.externaltools.arm-none.win32_1.15.0.201708311556/tools/compiler/bin/../lib/gcc/arm-none-eabi/6.3.1/../../../../arm-none-eabi/lib/thumb/v7e-m/fpv4-sp/hard\libc.a(lib_a-mlock.o)
                0x080027e8                __malloc_unlock
 .text._sbrk_r  0x080027f4       0x24 d:/stm32/ide/plugins/fr.ac6.mcu.externaltools.arm-none.win32_1.15.0.201708311556/tools/compiler/bin/../lib/gcc/arm-none-eabi/6.3.1/../../../../arm-none-eabi/lib/thumb/v7e-m/fpv4-sp/hard\libc.a(lib_a-sbrkr.o)
                0x080027f4                _sbrk_r
 .text.startup.register_fini
                0x08002818       0x14 d:/stm32/ide/plugins/fr.ac6.mcu.externaltools.arm-none.win32_1.15.0.201708311556/tools/compiler/bin/../lib/gcc/arm-none-eabi/6.3.1/../../../../arm-none-eabi/lib/thumb/v7e-m/fpv4-sp/hard\libc.a(lib_a-__call_atexit.o)
 .text.atexit   0x0800282c        0xc d:/stm32/ide/plugins/fr.ac6.mcu.externaltools.arm-none.win32_1.15.0.201708311556/tools/compiler/bin/../lib/gcc/arm-none-eabi/6.3.1/../../../../arm-none-eabi/lib/thumb/v7e-m/fpv4-sp/hard\libc.a(lib_a-atexit.o)
                0x0800282c                atexit
 .text.__libc_fini_array
                0x08002838       0x34 d:/stm32/ide/plugins/fr.ac6.mcu.externaltools.arm-none.win32_1.15.0.201708311556/tools/compiler/bin/../lib/gcc/arm-none-eabi/6.3.1/../../../../arm-none-eabi/lib/thumb/v7e-m/fpv4-sp/hard\libc.a(lib_a-fini.o)
                0x08002838                __libc_fini_array
 .text._malloc_trim_r
                0x0800286c       0xa0 d:/stm32/ide/plugins/fr.ac6.mcu.externaltools.arm-none.win32_1.15.0.201708311556/tools/compiler/bin/../lib/gcc/arm-none-eabi/6.3.1/../../../../arm-none-eabi/lib/thumb/v7e-m/fpv4-sp/hard\libc.a(lib_a-freer.o)
                0x0800286c                _malloc_trim_r
 .text._free_r  0x0800290c      0x1cc d:/stm32/ide/plugins/fr.ac6.mcu.externaltools.arm-none.win32_1.15.0.201708311556/tools/compiler/bin/../lib/gcc/arm-none-eabi/6.3.1/../../../../arm-none-eabi/lib/thumb/v7e-m/fpv4-sp/hard\libc.a(lib_a-freer.o)
                0x0800290c                _free_r
 .text.__retarget_lock_acquire_recursive
                0x08002ad8        0x4 d:/stm32/ide/plugins/fr.ac6.mcu.externaltools.arm-none.win32_1.15.0.201708311556/tools/compiler/bin/../lib/gcc/arm-none-eabi/6.3.1/../../../../arm-none-eabi/lib/thumb/v7e-m/fpv4-sp/hard\libc.a(lib_a-lock.o)
                0x08002ad8                __retarget_lock_acquire_recursive
 .text.__retarget_lock_release_recursive
                0x08002adc        0x4 d:/stm32/ide/plugins/fr.ac6.mcu.externaltools.arm-none.win32_1.15.0.201708311556/tools/compiler/bin/../lib/gcc/arm-none-eabi/6.3.1/../../../../arm-none-eabi/lib/thumb/v7e-m/fpv4-sp/hard\libc.a(lib_a-lock.o)
                0x08002adc                __retarget_lock_release_recursive
 .text.__register_exitproc
                0x08002ae0       0xc4 d:/stm32/ide/plugins/fr.ac6.mcu.externaltools.arm-none.win32_1.15.0.201708311556/tools/compiler/bin/../lib/gcc/arm-none-eabi/6.3.1/../../../../arm-none-eabi/lib/thumb/v7e-m/fpv4-sp/hard\libc.a(lib_a-__atexit.o)
                0x08002ae0                __register_exitproc
 *(.rodata)
 .rodata        0x08002ba4      0x234 src/main.o
                0x08002ba4                menu_000
                0x08002bb8                menu_001
                0x08002bcc                menu_002
                0x08002be0                menu_003
                0x08002bf4                menu_004
                0x08002c08                menu_100
                0x08002c1c                menu_101
                0x08002c30                menu_102
                0x08002c44                menu_103
                0x08002c58                menu_104
                0x08002c6c                menu_105
                0x08002c80                menu_106
                0x08002c94                menu_107
                0x08002ca8                menu_108
                0x08002cbc                menu
 .rodata        0x08002dd8        0x4 src/tm_stm32f4_hd44780.o
 *(.rodata*)
 .rodata._global_impure_ptr
                0x08002ddc        0x4 d:/stm32/ide/plugins/fr.ac6.mcu.externaltools.arm-none.win32_1.15.0.201708311556/tools/compiler/bin/../lib/gcc/arm-none-eabi/6.3.1/../../../../arm-none-eabi/lib/thumb/v7e-m/fpv4-sp/hard\libc.a(lib_a-impure.o)
                0x08002ddc                _global_impure_ptr
 *(.glue_7)
 .glue_7        0x08002de0        0x0 linker stubs
 *(.glue_7t)
 .glue_7t       0x08002de0        0x0 linker stubs
 *(.eh_frame)
 .eh_frame      0x08002de0        0x0 d:/stm32/ide/plugins/fr.ac6.mcu.externaltools.arm-none.win32_1.15.0.201708311556/tools/compiler/bin/../lib/gcc/arm-none-eabi/6.3.1/thumb/v7e-m/fpv4-sp/hard/crtbegin.o
 *(.init)
 .init          0x08002de0        0x4 d:/stm32/ide/plugins/fr.ac6.mcu.externaltools.arm-none.win32_1.15.0.201708311556/tools/compiler/bin/../lib/gcc/arm-none-eabi/6.3.1/thumb/v7e-m/fpv4-sp/hard/crti.o
                0x08002de0                _init
 .init          0x08002de4        0x8 d:/stm32/ide/plugins/fr.ac6.mcu.externaltools.arm-none.win32_1.15.0.201708311556/tools/compiler/bin/../lib/gcc/arm-none-eabi/6.3.1/thumb/v7e-m/fpv4-sp/hard/crtn.o
 *(.fini)
 .fini          0x08002dec        0x4 d:/stm32/ide/plugins/fr.ac6.mcu.externaltools.arm-none.win32_1.15.0.201708311556/tools/compiler/bin/../lib/gcc/arm-none-eabi/6.3.1/thumb/v7e-m/fpv4-sp/hard/crti.o
                0x08002dec                _fini
 .fini          0x08002df0        0x8 d:/stm32/ide/plugins/fr.ac6.mcu.externaltools.arm-none.win32_1.15.0.201708311556/tools/compiler/bin/../lib/gcc/arm-none-eabi/6.3.1/thumb/v7e-m/fpv4-sp/hard/crtn.o
                0x08002df8                . = ALIGN (0x4)
                0x08002df8                _etext = .

.vfp11_veneer   0x08002df8        0x0
 .vfp11_veneer  0x08002df8        0x0 linker stubs

.v4_bx          0x08002df8        0x0
 .v4_bx         0x08002df8        0x0 linker stubs

.iplt           0x08002df8        0x0
 .iplt          0x08002df8        0x0 d:/stm32/ide/plugins/fr.ac6.mcu.externaltools.arm-none.win32_1.15.0.201708311556/tools/compiler/bin/../lib/gcc/arm-none-eabi/6.3.1/thumb/v7e-m/fpv4-sp/hard/crtbegin.o

.rel.dyn        0x08002df8        0x0
 .rel.iplt      0x08002df8        0x0 d:/stm32/ide/plugins/fr.ac6.mcu.externaltools.arm-none.win32_1.15.0.201708311556/tools/compiler/bin/../lib/gcc/arm-none-eabi/6.3.1/thumb/v7e-m/fpv4-sp/hard/crtbegin.o

.ARM.extab
 *(.ARM.extab* .gnu.linkonce.armextab.*)

.ARM            0x08002df8        0x0
                0x08002df8                __exidx_start = .
 *(.ARM.exidx*)
                0x08002df8                __exidx_end = .

.preinit_array  0x08002df8        0x0
                0x08002df8                PROVIDE (__preinit_array_start, .)
 *(.preinit_array*)
                0x08002df8                PROVIDE (__preinit_array_end, .)

.init_array     0x08002df8        0x8
                0x08002df8                PROVIDE (__init_array_start, .)
 *(SORT(.init_array.*))
 .init_array.00000
                0x08002df8        0x4 d:/stm32/ide/plugins/fr.ac6.mcu.externaltools.arm-none.win32_1.15.0.201708311556/tools/compiler/bin/../lib/gcc/arm-none-eabi/6.3.1/../../../../arm-none-eabi/lib/thumb/v7e-m/fpv4-sp/hard\libc.a(lib_a-__call_atexit.o)
 *(.init_array*)
 .init_array    0x08002dfc        0x4 d:/stm32/ide/plugins/fr.ac6.mcu.externaltools.arm-none.win32_1.15.0.201708311556/tools/compiler/bin/../lib/gcc/arm-none-eabi/6.3.1/thumb/v7e-m/fpv4-sp/hard/crtbegin.o
                0x08002e00                PROVIDE (__init_array_end, .)

.fini_array     0x08002e00        0x4
                0x08002e00                PROVIDE (__fini_array_start, .)
 *(.fini_array*)
 .fini_array    0x08002e00        0x4 d:/stm32/ide/plugins/fr.ac6.mcu.externaltools.arm-none.win32_1.15.0.201708311556/tools/compiler/bin/../lib/gcc/arm-none-eabi/6.3.1/thumb/v7e-m/fpv4-sp/hard/crtbegin.o
 *(SORT(.fini_array.*))
                0x08002e04                PROVIDE (__fini_array_end, .)
                0x08002e04                _sidata = .

.data           0x20000000      0x884 load address 0x08002e04
                0x20000000                . = ALIGN (0x4)
                0x20000000                _sdata = .
 *(.data)
 .data          0x20000000       0x10 StdPeriph_Driver/src/stm32f4xx_rcc.o
 .data          0x20000010        0x1 src/main.o
                0x20000010                selected
 *fill*         0x20000011        0x3 
 .data          0x20000014       0x18 src/pump_driver.o
                0x20000014                PUMP_GPIO
                0x20000018                LEMON_TIMER
                0x2000001c                ORANGE_TIMER
                0x20000020                RUM_TIMER
                0x20000024                VODKA_TIMER
                0x20000028                is_lemon_pumping
                0x20000029                is_orange_pumping
                0x2000002a                is_rum_pumping
                0x2000002b                is_vodka_pumping
 .data          0x2000002c       0x14 src/system_stm32f4xx.o
                0x2000002c                SystemCoreClock
                0x20000030                AHBPrescTable
 *(.data*)
 .data._impure_ptr
                0x20000040        0x4 d:/stm32/ide/plugins/fr.ac6.mcu.externaltools.arm-none.win32_1.15.0.201708311556/tools/compiler/bin/../lib/gcc/arm-none-eabi/6.3.1/../../../../arm-none-eabi/lib/thumb/v7e-m/fpv4-sp/hard\libc.a(lib_a-impure.o)
                0x20000040                _impure_ptr
 *fill*         0x20000044        0x4 
 .data.impure_data
                0x20000048      0x428 d:/stm32/ide/plugins/fr.ac6.mcu.externaltools.arm-none.win32_1.15.0.201708311556/tools/compiler/bin/../lib/gcc/arm-none-eabi/6.3.1/../../../../arm-none-eabi/lib/thumb/v7e-m/fpv4-sp/hard\libc.a(lib_a-impure.o)
 .data.__malloc_av_
                0x20000470      0x408 d:/stm32/ide/plugins/fr.ac6.mcu.externaltools.arm-none.win32_1.15.0.201708311556/tools/compiler/bin/../lib/gcc/arm-none-eabi/6.3.1/../../../../arm-none-eabi/lib/thumb/v7e-m/fpv4-sp/hard\libc.a(lib_a-mallocr.o)
                0x20000470                __malloc_av_
 .data.__malloc_sbrk_base
                0x20000878        0x4 d:/stm32/ide/plugins/fr.ac6.mcu.externaltools.arm-none.win32_1.15.0.201708311556/tools/compiler/bin/../lib/gcc/arm-none-eabi/6.3.1/../../../../arm-none-eabi/lib/thumb/v7e-m/fpv4-sp/hard\libc.a(lib_a-mallocr.o)
                0x20000878                __malloc_sbrk_base
 .data.__malloc_trim_threshold
                0x2000087c        0x4 d:/stm32/ide/plugins/fr.ac6.mcu.externaltools.arm-none.win32_1.15.0.201708311556/tools/compiler/bin/../lib/gcc/arm-none-eabi/6.3.1/../../../../arm-none-eabi/lib/thumb/v7e-m/fpv4-sp/hard\libc.a(lib_a-mallocr.o)
                0x2000087c                __malloc_trim_threshold
 .data.__atexit_recursive_mutex
                0x20000880        0x4 d:/stm32/ide/plugins/fr.ac6.mcu.externaltools.arm-none.win32_1.15.0.201708311556/tools/compiler/bin/../lib/gcc/arm-none-eabi/6.3.1/../../../../arm-none-eabi/lib/thumb/v7e-m/fpv4-sp/hard\libc.a(lib_a-__call_atexit.o)
                0x20000880                __atexit_recursive_mutex
                0x20000884                . = ALIGN (0x4)
                0x20000884                _edata = .

.jcr            0x20000884        0x0 load address 0x08003688
 .jcr           0x20000884        0x0 d:/stm32/ide/plugins/fr.ac6.mcu.externaltools.arm-none.win32_1.15.0.201708311556/tools/compiler/bin/../lib/gcc/arm-none-eabi/6.3.1/thumb/v7e-m/fpv4-sp/hard/crtbegin.o

.igot.plt       0x20000884        0x0 load address 0x08003688
 .igot.plt      0x20000884        0x0 d:/stm32/ide/plugins/fr.ac6.mcu.externaltools.arm-none.win32_1.15.0.201708311556/tools/compiler/bin/../lib/gcc/arm-none-eabi/6.3.1/thumb/v7e-m/fpv4-sp/hard/crtbegin.o
                0x20000884                . = ALIGN (0x4)

.bss            0x20000884       0xec load address 0x08003688
                0x20000884                _sbss = .
                0x20000884                __bss_start__ = _sbss
 *(.bss)
 .bss           0x20000884       0x1c d:/stm32/ide/plugins/fr.ac6.mcu.externaltools.arm-none.win32_1.15.0.201708311556/tools/compiler/bin/../lib/gcc/arm-none-eabi/6.3.1/thumb/v7e-m/fpv4-sp/hard/crtbegin.o
 .bss           0x200008a0       0x20 src/pump_driver.o
                0x200008a0                max_lemon_cl
                0x200008a4                max_orange_cl
                0x200008a8                max_rum_cl
                0x200008ac                max_vodka_cl
                0x200008b0                current_lemon_cl
                0x200008b4                current_orange_cl
                0x200008b8                current_rum_cl
                0x200008bc                current_vodka_cl
 .bss           0x200008c0        0x8 src/syscalls.o
                0x200008c0                __env
 .bss           0x200008c8       0x28 src/tm_stm32f4_delay.o
                0x200008c8                TM_TimingDelay
                0x200008cc                TM_Time
                0x200008d0                TM_Time2
                0x200008d4                TM_DELAY_Initialized
 .bss           0x200008f0       0x16 src/tm_stm32f4_gpio.o
 *fill*         0x20000906        0x2 
 .bss           0x20000908        0x7 src/tm_stm32f4_hd44780.o
 *(.bss*)
 *fill*         0x2000090f        0x1 
 .bss.__malloc_current_mallinfo
                0x20000910       0x28 d:/stm32/ide/plugins/fr.ac6.mcu.externaltools.arm-none.win32_1.15.0.201708311556/tools/compiler/bin/../lib/gcc/arm-none-eabi/6.3.1/../../../../arm-none-eabi/lib/thumb/v7e-m/fpv4-sp/hard\libc.a(lib_a-mallocr.o)
                0x20000910                __malloc_current_mallinfo
 .bss.__malloc_max_sbrked_mem
                0x20000938        0x4 d:/stm32/ide/plugins/fr.ac6.mcu.externaltools.arm-none.win32_1.15.0.201708311556/tools/compiler/bin/../lib/gcc/arm-none-eabi/6.3.1/../../../../arm-none-eabi/lib/thumb/v7e-m/fpv4-sp/hard\libc.a(lib_a-mallocr.o)
                0x20000938                __malloc_max_sbrked_mem
 .bss.__malloc_max_total_mem
                0x2000093c        0x4 d:/stm32/ide/plugins/fr.ac6.mcu.externaltools.arm-none.win32_1.15.0.201708311556/tools/compiler/bin/../lib/gcc/arm-none-eabi/6.3.1/../../../../arm-none-eabi/lib/thumb/v7e-m/fpv4-sp/hard\libc.a(lib_a-mallocr.o)
                0x2000093c                __malloc_max_total_mem
 .bss.__malloc_top_pad
                0x20000940        0x4 d:/stm32/ide/plugins/fr.ac6.mcu.externaltools.arm-none.win32_1.15.0.201708311556/tools/compiler/bin/../lib/gcc/arm-none-eabi/6.3.1/../../../../arm-none-eabi/lib/thumb/v7e-m/fpv4-sp/hard\libc.a(lib_a-mallocr.o)
                0x20000940                __malloc_top_pad
 *(COMMON)
 COMMON         0x20000944        0x4 src/tm_stm32f4_delay.o
                0x20000944                mult
 COMMON         0x20000948       0x21 d:/stm32/ide/plugins/fr.ac6.mcu.externaltools.arm-none.win32_1.15.0.201708311556/tools/compiler/bin/../lib/gcc/arm-none-eabi/6.3.1/../../../../arm-none-eabi/lib/thumb/v7e-m/fpv4-sp/hard\libc.a(lib_a-lock.o)
                0x20000948                __lock___atexit_recursive_mutex
                0x2000094c                __lock___arc4random_mutex
                0x20000950                __lock___env_recursive_mutex
                0x20000954                __lock___sinit_recursive_mutex
                0x20000958                __lock___malloc_recursive_mutex
                0x2000095c                __lock___at_quick_exit_mutex
                0x20000960                __lock___dd_hash_mutex
                0x20000964                __lock___tz_mutex
                0x20000968                __lock___sfp_recursive_mutex
 *fill*         0x20000969        0x3 
 COMMON         0x2000096c        0x4 d:/stm32/ide/plugins/fr.ac6.mcu.externaltools.arm-none.win32_1.15.0.201708311556/tools/compiler/bin/../lib/gcc/arm-none-eabi/6.3.1/../../../../arm-none-eabi/lib/thumb/v7e-m/fpv4-sp/hard\libc.a(lib_a-reent.o)
                0x2000096c                errno
                0x20000970                . = ALIGN (0x4)
                0x20000970                _ebss = .
                0x20000970                __bss_end__ = _ebss

._user_heap_stack
                0x20000970      0x400 load address 0x08003774
                0x20000970                . = ALIGN (0x8)
                0x20000970                PROVIDE (end, .)
                [!provide]                PROVIDE (_end, .)
                0x20000970                . = (. + _Min_Heap_Size)
                0x20000d70                . = (. + _Min_Stack_Size)
 *fill*         0x20000970      0x400 
                0x20000d70                . = ALIGN (0x8)

.memory_b1_text
 *(.mb1text)
 *(.mb1text*)
 *(.mb1rodata)
 *(.mb1rodata*)

/DISCARD/
 libc.a(*)
 libm.a(*)
 libgcc.a(*)

.ARM.attributes
                0x00000000       0x30
 *(.ARM.attributes)
 .ARM.attributes
                0x00000000       0x22 d:/stm32/ide/plugins/fr.ac6.mcu.externaltools.arm-none.win32_1.15.0.201708311556/tools/compiler/bin/../lib/gcc/arm-none-eabi/6.3.1/thumb/v7e-m/fpv4-sp/hard/crti.o
 .ARM.attributes
                0x00000022       0x34 d:/stm32/ide/plugins/fr.ac6.mcu.externaltools.arm-none.win32_1.15.0.201708311556/tools/compiler/bin/../lib/gcc/arm-none-eabi/6.3.1/thumb/v7e-m/fpv4-sp/hard/crtbegin.o
 .ARM.attributes
                0x00000056       0x39 StdPeriph_Driver/src/misc.o
 .ARM.attributes
                0x0000008f       0x39 StdPeriph_Driver/src/stm32f4xx_gpio.o
 .ARM.attributes
                0x000000c8       0x39 StdPeriph_Driver/src/stm32f4xx_rcc.o
 .ARM.attributes
                0x00000101       0x39 StdPeriph_Driver/src/stm32f4xx_tim.o
 .ARM.attributes
                0x0000013a       0x39 StdPeriph_Driver/src/stm32f4xx_usart.o
 .ARM.attributes
                0x00000173       0x39 src/main.o
 .ARM.attributes
                0x000001ac       0x39 src/pump_driver.o
 .ARM.attributes
                0x000001e5       0x39 src/syscalls.o
 .ARM.attributes
                0x0000021e       0x39 src/system_stm32f4xx.o
 .ARM.attributes
                0x00000257       0x39 src/tm_stm32f4_delay.o
 .ARM.attributes
                0x00000290       0x39 src/tm_stm32f4_gpio.o
 .ARM.attributes
                0x000002c9       0x39 src/tm_stm32f4_hd44780.o
 .ARM.attributes
                0x00000302       0x21 startup/startup_stm32f4xx.o
 .ARM.attributes
                0x00000323       0x34 d:/stm32/ide/plugins/fr.ac6.mcu.externaltools.arm-none.win32_1.15.0.201708311556/tools/compiler/bin/../lib/gcc/arm-none-eabi/6.3.1/../../../../arm-none-eabi/lib/thumb/v7e-m/fpv4-sp/hard\libc.a(lib_a-errno.o)
 .ARM.attributes
                0x00000357       0x34 d:/stm32/ide/plugins/fr.ac6.mcu.externaltools.arm-none.win32_1.15.0.201708311556/tools/compiler/bin/../lib/gcc/arm-none-eabi/6.3.1/../../../../arm-none-eabi/lib/thumb/v7e-m/fpv4-sp/hard\libc.a(lib_a-impure.o)
 .ARM.attributes
                0x0000038b       0x34 d:/stm32/ide/plugins/fr.ac6.mcu.externaltools.arm-none.win32_1.15.0.201708311556/tools/compiler/bin/../lib/gcc/arm-none-eabi/6.3.1/../../../../arm-none-eabi/lib/thumb/v7e-m/fpv4-sp/hard\libc.a(lib_a-init.o)
 .ARM.attributes
                0x000003bf       0x34 d:/stm32/ide/plugins/fr.ac6.mcu.externaltools.arm-none.win32_1.15.0.201708311556/tools/compiler/bin/../lib/gcc/arm-none-eabi/6.3.1/../../../../arm-none-eabi/lib/thumb/v7e-m/fpv4-sp/hard\libc.a(lib_a-malloc.o)
 .ARM.attributes
                0x000003f3       0x34 d:/stm32/ide/plugins/fr.ac6.mcu.externaltools.arm-none.win32_1.15.0.201708311556/tools/compiler/bin/../lib/gcc/arm-none-eabi/6.3.1/../../../../arm-none-eabi/lib/thumb/v7e-m/fpv4-sp/hard\libc.a(lib_a-mallocr.o)
 .ARM.attributes
                0x00000427       0x34 d:/stm32/ide/plugins/fr.ac6.mcu.externaltools.arm-none.win32_1.15.0.201708311556/tools/compiler/bin/../lib/gcc/arm-none-eabi/6.3.1/../../../../arm-none-eabi/lib/thumb/v7e-m/fpv4-sp/hard\libc.a(lib_a-mlock.o)
 .ARM.attributes
                0x0000045b       0x34 d:/stm32/ide/plugins/fr.ac6.mcu.externaltools.arm-none.win32_1.15.0.201708311556/tools/compiler/bin/../lib/gcc/arm-none-eabi/6.3.1/../../../../arm-none-eabi/lib/thumb/v7e-m/fpv4-sp/hard\libc.a(lib_a-sbrkr.o)
 .ARM.attributes
                0x0000048f       0x34 d:/stm32/ide/plugins/fr.ac6.mcu.externaltools.arm-none.win32_1.15.0.201708311556/tools/compiler/bin/../lib/gcc/arm-none-eabi/6.3.1/../../../../arm-none-eabi/lib/thumb/v7e-m/fpv4-sp/hard\libc.a(lib_a-__call_atexit.o)
 .ARM.attributes
                0x000004c3       0x34 d:/stm32/ide/plugins/fr.ac6.mcu.externaltools.arm-none.win32_1.15.0.201708311556/tools/compiler/bin/../lib/gcc/arm-none-eabi/6.3.1/../../../../arm-none-eabi/lib/thumb/v7e-m/fpv4-sp/hard\libc.a(lib_a-atexit.o)
 .ARM.attributes
                0x000004f7       0x34 d:/stm32/ide/plugins/fr.ac6.mcu.externaltools.arm-none.win32_1.15.0.201708311556/tools/compiler/bin/../lib/gcc/arm-none-eabi/6.3.1/../../../../arm-none-eabi/lib/thumb/v7e-m/fpv4-sp/hard\libc.a(lib_a-fini.o)
 .ARM.attributes
                0x0000052b       0x34 d:/stm32/ide/plugins/fr.ac6.mcu.externaltools.arm-none.win32_1.15.0.201708311556/tools/compiler/bin/../lib/gcc/arm-none-eabi/6.3.1/../../../../arm-none-eabi/lib/thumb/v7e-m/fpv4-sp/hard\libc.a(lib_a-freer.o)
 .ARM.attributes
                0x0000055f       0x34 d:/stm32/ide/plugins/fr.ac6.mcu.externaltools.arm-none.win32_1.15.0.201708311556/tools/compiler/bin/../lib/gcc/arm-none-eabi/6.3.1/../../../../arm-none-eabi/lib/thumb/v7e-m/fpv4-sp/hard\libc.a(lib_a-lock.o)
 .ARM.attributes
                0x00000593       0x34 d:/stm32/ide/plugins/fr.ac6.mcu.externaltools.arm-none.win32_1.15.0.201708311556/tools/compiler/bin/../lib/gcc/arm-none-eabi/6.3.1/../../../../arm-none-eabi/lib/thumb/v7e-m/fpv4-sp/hard\libc.a(lib_a-reent.o)
 .ARM.attributes
                0x000005c7       0x34 d:/stm32/ide/plugins/fr.ac6.mcu.externaltools.arm-none.win32_1.15.0.201708311556/tools/compiler/bin/../lib/gcc/arm-none-eabi/6.3.1/../../../../arm-none-eabi/lib/thumb/v7e-m/fpv4-sp/hard\libc.a(lib_a-__atexit.o)
 .ARM.attributes
                0x000005fb       0x22 d:/stm32/ide/plugins/fr.ac6.mcu.externaltools.arm-none.win32_1.15.0.201708311556/tools/compiler/bin/../lib/gcc/arm-none-eabi/6.3.1/thumb/v7e-m/fpv4-sp/hard/crtn.o
OUTPUT(iDrink.elf elf32-littlearm)

.debug_info     0x00000000     0x932a
 .debug_info    0x00000000      0x551 StdPeriph_Driver/src/misc.o
 .debug_info    0x00000551      0x629 StdPeriph_Driver/src/stm32f4xx_gpio.o
 .debug_info    0x00000b7a      0xc76 StdPeriph_Driver/src/stm32f4xx_rcc.o
 .debug_info    0x000017f0     0x1c78 StdPeriph_Driver/src/stm32f4xx_tim.o
 .debug_info    0x00003468      0x9d9 StdPeriph_Driver/src/stm32f4xx_usart.o
 .debug_info    0x00003e41     0x14b0 src/main.o
 .debug_info    0x000052f1      0xaf3 src/pump_driver.o
 .debug_info    0x00005de4      0x6ca src/syscalls.o
 .debug_info    0x000064ae      0x5d4 src/system_stm32f4xx.o
 .debug_info    0x00006a82     0x1251 src/tm_stm32f4_delay.o
 .debug_info    0x00007cd3      0x84c src/tm_stm32f4_gpio.o
 .debug_info    0x0000851f      0xd75 src/tm_stm32f4_hd44780.o
 .debug_info    0x00009294       0x96 startup/startup_stm32f4xx.o

.debug_abbrev   0x00000000     0x1797
 .debug_abbrev  0x00000000      0x175 StdPeriph_Driver/src/misc.o
 .debug_abbrev  0x00000175      0x1bb StdPeriph_Driver/src/stm32f4xx_gpio.o
 .debug_abbrev  0x00000330      0x1fb StdPeriph_Driver/src/stm32f4xx_rcc.o
 .debug_abbrev  0x0000052b      0x19d StdPeriph_Driver/src/stm32f4xx_tim.o
 .debug_abbrev  0x000006c8      0x185 StdPeriph_Driver/src/stm32f4xx_usart.o
 .debug_abbrev  0x0000084d      0x351 src/main.o
 .debug_abbrev  0x00000b9e      0x1a9 src/pump_driver.o
 .debug_abbrev  0x00000d47      0x177 src/syscalls.o
 .debug_abbrev  0x00000ebe      0x15b src/system_stm32f4xx.o
 .debug_abbrev  0x00001019      0x37b src/tm_stm32f4_delay.o
 .debug_abbrev  0x00001394      0x17f src/tm_stm32f4_gpio.o
 .debug_abbrev  0x00001513      0x272 src/tm_stm32f4_hd44780.o
 .debug_abbrev  0x00001785       0x12 startup/startup_stm32f4xx.o

.debug_aranges  0x00000000      0xa48
 .debug_aranges
                0x00000000       0x40 StdPeriph_Driver/src/misc.o
 .debug_aranges
                0x00000040       0x88 StdPeriph_Driver/src/stm32f4xx_gpio.o
 .debug_aranges
                0x000000c8      0x178 StdPeriph_Driver/src/stm32f4xx_rcc.o
 .debug_aranges
                0x00000240      0x2f8 StdPeriph_Driver/src/stm32f4xx_tim.o
 .debug_aranges
                0x00000538      0x100 StdPeriph_Driver/src/stm32f4xx_usart.o
 .debug_aranges
                0x00000638       0xb8 src/main.o
 .debug_aranges
                0x000006f0       0x88 src/pump_driver.o
 .debug_aranges
                0x00000778       0xb0 src/syscalls.o
 .debug_aranges
                0x00000828       0x30 src/system_stm32f4xx.o
 .debug_aranges
                0x00000858       0x80 src/tm_stm32f4_delay.o
 .debug_aranges
                0x000008d8       0x98 src/tm_stm32f4_gpio.o
 .debug_aranges
                0x00000970       0xb0 src/tm_stm32f4_hd44780.o
 .debug_aranges
                0x00000a20       0x28 startup/startup_stm32f4xx.o

.debug_ranges   0x00000000      0x980
 .debug_ranges  0x00000000       0x30 StdPeriph_Driver/src/misc.o
 .debug_ranges  0x00000030       0x78 StdPeriph_Driver/src/stm32f4xx_gpio.o
 .debug_ranges  0x000000a8      0x168 StdPeriph_Driver/src/stm32f4xx_rcc.o
 .debug_ranges  0x00000210      0x2e8 StdPeriph_Driver/src/stm32f4xx_tim.o
 .debug_ranges  0x000004f8       0xf0 StdPeriph_Driver/src/stm32f4xx_usart.o
 .debug_ranges  0x000005e8       0xa8 src/main.o
 .debug_ranges  0x00000690       0x78 src/pump_driver.o
 .debug_ranges  0x00000708       0xa0 src/syscalls.o
 .debug_ranges  0x000007a8       0x20 src/system_stm32f4xx.o
 .debug_ranges  0x000007c8       0x70 src/tm_stm32f4_delay.o
 .debug_ranges  0x00000838       0x88 src/tm_stm32f4_gpio.o
 .debug_ranges  0x000008c0       0xa0 src/tm_stm32f4_hd44780.o
 .debug_ranges  0x00000960       0x20 startup/startup_stm32f4xx.o

.debug_macro    0x00000000    0x120ad
 .debug_macro   0x00000000      0x1c5 StdPeriph_Driver/src/misc.o
 .debug_macro   0x000001c5      0x8d4 StdPeriph_Driver/src/misc.o
 .debug_macro   0x00000a99       0x63 StdPeriph_Driver/src/misc.o
 .debug_macro   0x00000afc       0x35 StdPeriph_Driver/src/misc.o
 .debug_macro   0x00000b31       0x22 StdPeriph_Driver/src/misc.o
 .debug_macro   0x00000b53       0x87 StdPeriph_Driver/src/misc.o
 .debug_macro   0x00000bda       0x51 StdPeriph_Driver/src/misc.o
 .debug_macro   0x00000c2b       0xef StdPeriph_Driver/src/misc.o
 .debug_macro   0x00000d1a       0x6a StdPeriph_Driver/src/misc.o
 .debug_macro   0x00000d84      0x1df StdPeriph_Driver/src/misc.o
 .debug_macro   0x00000f63       0x18 StdPeriph_Driver/src/misc.o
 .debug_macro   0x00000f7b       0x42 StdPeriph_Driver/src/misc.o
 .debug_macro   0x00000fbd      0x8cb StdPeriph_Driver/src/misc.o
 .debug_macro   0x00001888     0x8057 StdPeriph_Driver/src/misc.o
 .debug_macro   0x000098df       0x16 StdPeriph_Driver/src/misc.o
 .debug_macro   0x000098f5      0x44e StdPeriph_Driver/src/misc.o
 .debug_macro   0x00009d43      0x3cf StdPeriph_Driver/src/misc.o
 .debug_macro   0x0000a112      0x111 StdPeriph_Driver/src/misc.o
 .debug_macro   0x0000a223      0x182 StdPeriph_Driver/src/misc.o
 .debug_macro   0x0000a3a5       0xb2 StdPeriph_Driver/src/misc.o
 .debug_macro   0x0000a457      0x146 StdPeriph_Driver/src/misc.o
 .debug_macro   0x0000a59d      0x477 StdPeriph_Driver/src/misc.o
 .debug_macro   0x0000aa14       0xac StdPeriph_Driver/src/misc.o
 .debug_macro   0x0000aac0      0x241 StdPeriph_Driver/src/misc.o
 .debug_macro   0x0000ad01      0x279 StdPeriph_Driver/src/misc.o
 .debug_macro   0x0000af7a       0xb5 StdPeriph_Driver/src/misc.o
 .debug_macro   0x0000b02f      0x265 StdPeriph_Driver/src/misc.o
 .debug_macro   0x0000b294      0x2b1 StdPeriph_Driver/src/misc.o
 .debug_macro   0x0000b545       0x64 StdPeriph_Driver/src/misc.o
 .debug_macro   0x0000b5a9       0xa6 StdPeriph_Driver/src/misc.o
 .debug_macro   0x0000b64f      0x538 StdPeriph_Driver/src/misc.o
 .debug_macro   0x0000bb87       0x40 StdPeriph_Driver/src/misc.o
 .debug_macro   0x0000bbc7      0x57a StdPeriph_Driver/src/misc.o
 .debug_macro   0x0000c141      0x341 StdPeriph_Driver/src/misc.o
 .debug_macro   0x0000c482      0x36a StdPeriph_Driver/src/misc.o
 .debug_macro   0x0000c7ec       0xdf StdPeriph_Driver/src/misc.o
 .debug_macro   0x0000c8cb      0x73b StdPeriph_Driver/src/misc.o
 .debug_macro   0x0000d006      0x220 StdPeriph_Driver/src/misc.o
 .debug_macro   0x0000d226       0x34 StdPeriph_Driver/src/misc.o
 .debug_macro   0x0000d25a       0x35 StdPeriph_Driver/src/misc.o
 .debug_macro   0x0000d28f       0x79 StdPeriph_Driver/src/misc.o
 .debug_macro   0x0000d308      0x1c3 StdPeriph_Driver/src/stm32f4xx_gpio.o
 .debug_macro   0x0000d4cb      0x25f StdPeriph_Driver/src/stm32f4xx_gpio.o
 .debug_macro   0x0000d72a      0x267 StdPeriph_Driver/src/stm32f4xx_rcc.o
 .debug_macro   0x0000d991      0x532 StdPeriph_Driver/src/stm32f4xx_rcc.o
 .debug_macro   0x0000dec3      0x1ed StdPeriph_Driver/src/stm32f4xx_tim.o
 .debug_macro   0x0000e0b0      0x735 StdPeriph_Driver/src/stm32f4xx_tim.o
 .debug_macro   0x0000e7e5      0x1db StdPeriph_Driver/src/stm32f4xx_usart.o
 .debug_macro   0x0000e9c0      0x21a StdPeriph_Driver/src/stm32f4xx_usart.o
 .debug_macro   0x0000ebda      0x2d7 src/main.o
 .debug_macro   0x0000eeb1       0x88 src/main.o
 .debug_macro   0x0000ef39       0x52 src/main.o
 .debug_macro   0x0000ef8b       0x16 src/main.o
 .debug_macro   0x0000efa1       0x58 src/main.o
 .debug_macro   0x0000eff9       0x35 src/main.o
 .debug_macro   0x0000f02e       0x9c src/main.o
 .debug_macro   0x0000f0ca       0x16 src/main.o
 .debug_macro   0x0000f0e0      0x10e src/main.o
 .debug_macro   0x0000f1ee       0x8d src/main.o
 .debug_macro   0x0000f27b       0x58 src/main.o
 .debug_macro   0x0000f2d3       0x1f src/main.o
 .debug_macro   0x0000f2f2       0x43 src/main.o
 .debug_macro   0x0000f335       0x20 src/main.o
 .debug_macro   0x0000f355      0x187 src/main.o
 .debug_macro   0x0000f4dc      0x330 src/main.o
 .debug_macro   0x0000f80c       0x16 src/main.o
 .debug_macro   0x0000f822       0x29 src/main.o
 .debug_macro   0x0000f84b       0x35 src/main.o
 .debug_macro   0x0000f880       0xaf src/main.o
 .debug_macro   0x0000f92f      0x1c8 src/pump_driver.o
 .debug_macro   0x0000faf7      0x22b src/syscalls.o
 .debug_macro   0x0000fd22      0x8b0 src/syscalls.o
 .debug_macro   0x000105d2       0x22 src/syscalls.o
 .debug_macro   0x000105f4       0x4c src/syscalls.o
 .debug_macro   0x00010640       0x8d src/syscalls.o
 .debug_macro   0x000106cd       0x4a src/syscalls.o
 .debug_macro   0x00010717      0x174 src/syscalls.o
 .debug_macro   0x0001088b      0x30d src/syscalls.o
 .debug_macro   0x00010b98       0x52 src/syscalls.o
 .debug_macro   0x00010bea       0x10 src/syscalls.o
 .debug_macro   0x00010bfa       0x35 src/syscalls.o
 .debug_macro   0x00010c2f       0x10 src/syscalls.o
 .debug_macro   0x00010c3f       0x10 src/syscalls.o
 .debug_macro   0x00010c4f       0x10 src/syscalls.o
 .debug_macro   0x00010c5f       0x5e src/syscalls.o
 .debug_macro   0x00010cbd       0x1c src/syscalls.o
 .debug_macro   0x00010cd9       0x52 src/syscalls.o
 .debug_macro   0x00010d2b       0x40 src/syscalls.o
 .debug_macro   0x00010d6b       0x10 src/syscalls.o
 .debug_macro   0x00010d7b       0x40 src/syscalls.o
 .debug_macro   0x00010dbb       0xd7 src/syscalls.o
 .debug_macro   0x00010e92       0x35 src/syscalls.o
 .debug_macro   0x00010ec7      0x122 src/syscalls.o
 .debug_macro   0x00010fe9       0x29 src/syscalls.o
 .debug_macro   0x00011012       0x10 src/syscalls.o
 .debug_macro   0x00011022      0x241 src/syscalls.o
 .debug_macro   0x00011263       0x1c src/syscalls.o
 .debug_macro   0x0001127f       0x10 src/syscalls.o
 .debug_macro   0x0001128f       0x10 src/syscalls.o
 .debug_macro   0x0001129f       0x16 src/syscalls.o
 .debug_macro   0x000112b5      0x18b src/syscalls.o
 .debug_macro   0x00011440      0x159 src/syscalls.o
 .debug_macro   0x00011599       0x16 src/syscalls.o
 .debug_macro   0x000115af       0x88 src/syscalls.o
 .debug_macro   0x00011637      0x1e6 src/system_stm32f4xx.o
 .debug_macro   0x0001181d      0x2a4 src/tm_stm32f4_delay.o
 .debug_macro   0x00011ac1      0x1d1 src/tm_stm32f4_gpio.o
 .debug_macro   0x00011c92       0xa9 src/tm_stm32f4_gpio.o
 .debug_macro   0x00011d3b      0x372 src/tm_stm32f4_hd44780.o

.debug_line     0x00000000     0x6557
 .debug_line    0x00000000      0x643 StdPeriph_Driver/src/misc.o
 .debug_line    0x00000643      0x75b StdPeriph_Driver/src/stm32f4xx_gpio.o
 .debug_line    0x00000d9e      0x9a1 StdPeriph_Driver/src/stm32f4xx_rcc.o
 .debug_line    0x0000173f      0xebd StdPeriph_Driver/src/stm32f4xx_tim.o
 .debug_line    0x000025fc      0x8a0 StdPeriph_Driver/src/stm32f4xx_usart.o
 .debug_line    0x00002e9c      0x9c5 src/main.o
 .debug_line    0x00003861      0x78c src/pump_driver.o
 .debug_line    0x00003fed      0x5c1 src/syscalls.o
 .debug_line    0x000045ae      0x65d src/system_stm32f4xx.o
 .debug_line    0x00004c0b      0x831 src/tm_stm32f4_delay.o
 .debug_line    0x0000543c      0x7bd src/tm_stm32f4_gpio.o
 .debug_line    0x00005bf9      0x8e3 src/tm_stm32f4_hd44780.o
 .debug_line    0x000064dc       0x7b startup/startup_stm32f4xx.o

.debug_str      0x00000000    0x5f1cf
 .debug_str     0x00000000    0x55f7a StdPeriph_Driver/src/misc.o
                              0x5611c (size before relaxing)
 .debug_str     0x00055f7a      0x288 StdPeriph_Driver/src/stm32f4xx_gpio.o
                              0x561c7 (size before relaxing)
 .debug_str     0x00056202      0xb03 StdPeriph_Driver/src/stm32f4xx_rcc.o
                              0x56a48 (size before relaxing)
 .debug_str     0x00056d05      0xc2f StdPeriph_Driver/src/stm32f4xx_tim.o
                              0x56bbb (size before relaxing)
 .debug_str     0x00057934      0x53a StdPeriph_Driver/src/stm32f4xx_usart.o
                              0x564d7 (size before relaxing)
 .debug_str     0x00057e6e     0x3f90 src/main.o
                              0x5a285 (size before relaxing)
 .debug_str     0x0005bdfe      0x280 src/pump_driver.o
                              0x56c2c (size before relaxing)
 .debug_str     0x0005c07e     0x2612 src/syscalls.o
                               0x7758 (size before relaxing)
 .debug_str     0x0005e690       0xd7 src/system_stm32f4xx.o
                              0x56102 (size before relaxing)
 .debug_str     0x0005e767      0x1f1 src/tm_stm32f4_delay.o
                              0x598f9 (size before relaxing)
 .debug_str     0x0005e958      0x29f src/tm_stm32f4_gpio.o
                              0x5688e (size before relaxing)
 .debug_str     0x0005ebf7      0x5d8 src/tm_stm32f4_hd44780.o
                              0x59ca2 (size before relaxing)

.comment        0x00000000       0xed
 .comment       0x00000000       0x7f StdPeriph_Driver/src/misc.o
                                 0x80 (size before relaxing)
 .comment       0x0000007f       0x80 StdPeriph_Driver/src/stm32f4xx_gpio.o
 .comment       0x0000007f       0x80 StdPeriph_Driver/src/stm32f4xx_rcc.o
 .comment       0x0000007f       0x80 StdPeriph_Driver/src/stm32f4xx_tim.o
 .comment       0x0000007f       0x80 StdPeriph_Driver/src/stm32f4xx_usart.o
 .comment       0x0000007f       0x80 src/main.o
 .comment       0x0000007f       0x80 src/pump_driver.o
 .comment       0x0000007f       0x6e src/syscalls.o
                                 0x6f (size before relaxing)
 .comment       0x000000ed       0x80 src/system_stm32f4xx.o
 .comment       0x000000ed       0x80 src/tm_stm32f4_delay.o
 .comment       0x000000ed       0x80 src/tm_stm32f4_gpio.o
 .comment       0x000000ed       0x80 src/tm_stm32f4_hd44780.o

.debug_frame    0x00000000     0x2eb4
 .debug_frame   0x00000000       0xd8 StdPeriph_Driver/src/misc.o
 .debug_frame   0x000000d8      0x23c StdPeriph_Driver/src/stm32f4xx_gpio.o
 .debug_frame   0x00000314      0x6d4 StdPeriph_Driver/src/stm32f4xx_rcc.o
 .debug_frame   0x000009e8      0xe54 StdPeriph_Driver/src/stm32f4xx_tim.o
 .debug_frame   0x0000183c      0x490 StdPeriph_Driver/src/stm32f4xx_usart.o
 .debug_frame   0x00001ccc      0x288 src/main.o
 .debug_frame   0x00001f54      0x1a8 src/pump_driver.o
 .debug_frame   0x000020fc      0x2d4 src/syscalls.o
 .debug_frame   0x000023d0       0x7c src/system_stm32f4xx.o
 .debug_frame   0x0000244c      0x1ec src/tm_stm32f4_delay.o
 .debug_frame   0x00002638      0x274 src/tm_stm32f4_gpio.o
 .debug_frame   0x000028ac      0x278 src/tm_stm32f4_hd44780.o
 .debug_frame   0x00002b24       0x20 d:/stm32/ide/plugins/fr.ac6.mcu.externaltools.arm-none.win32_1.15.0.201708311556/tools/compiler/bin/../lib/gcc/arm-none-eabi/6.3.1/../../../../arm-none-eabi/lib/thumb/v7e-m/fpv4-sp/hard\libc.a(lib_a-errno.o)
 .debug_frame   0x00002b44       0x2c d:/stm32/ide/plugins/fr.ac6.mcu.externaltools.arm-none.win32_1.15.0.201708311556/tools/compiler/bin/../lib/gcc/arm-none-eabi/6.3.1/../../../../arm-none-eabi/lib/thumb/v7e-m/fpv4-sp/hard\libc.a(lib_a-init.o)
 .debug_frame   0x00002b70       0x30 d:/stm32/ide/plugins/fr.ac6.mcu.externaltools.arm-none.win32_1.15.0.201708311556/tools/compiler/bin/../lib/gcc/arm-none-eabi/6.3.1/../../../../arm-none-eabi/lib/thumb/v7e-m/fpv4-sp/hard\libc.a(lib_a-malloc.o)
 .debug_frame   0x00002ba0       0x58 d:/stm32/ide/plugins/fr.ac6.mcu.externaltools.arm-none.win32_1.15.0.201708311556/tools/compiler/bin/../lib/gcc/arm-none-eabi/6.3.1/../../../../arm-none-eabi/lib/thumb/v7e-m/fpv4-sp/hard\libc.a(lib_a-mallocr.o)
 .debug_frame   0x00002bf8       0x30 d:/stm32/ide/plugins/fr.ac6.mcu.externaltools.arm-none.win32_1.15.0.201708311556/tools/compiler/bin/../lib/gcc/arm-none-eabi/6.3.1/../../../../arm-none-eabi/lib/thumb/v7e-m/fpv4-sp/hard\libc.a(lib_a-mlock.o)
 .debug_frame   0x00002c28       0x2c d:/stm32/ide/plugins/fr.ac6.mcu.externaltools.arm-none.win32_1.15.0.201708311556/tools/compiler/bin/../lib/gcc/arm-none-eabi/6.3.1/../../../../arm-none-eabi/lib/thumb/v7e-m/fpv4-sp/hard\libc.a(lib_a-sbrkr.o)
 .debug_frame   0x00002c54       0x5c d:/stm32/ide/plugins/fr.ac6.mcu.externaltools.arm-none.win32_1.15.0.201708311556/tools/compiler/bin/../lib/gcc/arm-none-eabi/6.3.1/../../../../arm-none-eabi/lib/thumb/v7e-m/fpv4-sp/hard\libc.a(lib_a-__call_atexit.o)
 .debug_frame   0x00002cb0       0x20 d:/stm32/ide/plugins/fr.ac6.mcu.externaltools.arm-none.win32_1.15.0.201708311556/tools/compiler/bin/../lib/gcc/arm-none-eabi/6.3.1/../../../../arm-none-eabi/lib/thumb/v7e-m/fpv4-sp/hard\libc.a(lib_a-atexit.o)
 .debug_frame   0x00002cd0       0x34 d:/stm32/ide/plugins/fr.ac6.mcu.externaltools.arm-none.win32_1.15.0.201708311556/tools/compiler/bin/../lib/gcc/arm-none-eabi/6.3.1/../../../../arm-none-eabi/lib/thumb/v7e-m/fpv4-sp/hard\libc.a(lib_a-fini.o)
 .debug_frame   0x00002d04       0x74 d:/stm32/ide/plugins/fr.ac6.mcu.externaltools.arm-none.win32_1.15.0.201708311556/tools/compiler/bin/../lib/gcc/arm-none-eabi/6.3.1/../../../../arm-none-eabi/lib/thumb/v7e-m/fpv4-sp/hard\libc.a(lib_a-freer.o)
 .debug_frame   0x00002d78       0xb0 d:/stm32/ide/plugins/fr.ac6.mcu.externaltools.arm-none.win32_1.15.0.201708311556/tools/compiler/bin/../lib/gcc/arm-none-eabi/6.3.1/../../../../arm-none-eabi/lib/thumb/v7e-m/fpv4-sp/hard\libc.a(lib_a-lock.o)
 .debug_frame   0x00002e28       0x58 d:/stm32/ide/plugins/fr.ac6.mcu.externaltools.arm-none.win32_1.15.0.201708311556/tools/compiler/bin/../lib/gcc/arm-none-eabi/6.3.1/../../../../arm-none-eabi/lib/thumb/v7e-m/fpv4-sp/hard\libc.a(lib_a-reent.o)
 .debug_frame   0x00002e80       0x34 d:/stm32/ide/plugins/fr.ac6.mcu.externaltools.arm-none.win32_1.15.0.201708311556/tools/compiler/bin/../lib/gcc/arm-none-eabi/6.3.1/../../../../arm-none-eabi/lib/thumb/v7e-m/fpv4-sp/hard\libc.a(lib_a-__atexit.o)
